// Jest Snapshot v1, https://goo.gl/fbAQLP

exports[`components/Child should render correctly 1`] = `
<div>
  <div>
    <h4
      className="text-center"
    >
      Child
    </h4>
    <Card
      body={false}
      className="my-2"
    >
      <CardBody
        style={
          Object {
            "backgroundColor": "#cceeff",
          }
        }
      >
        <CardText
          className="font-weight-bold"
        >
          Name :  
          <span
            className="font-weight-light"
          >
            AARAV ESPINOSA
          </span>
        </CardText>
        <CardText
          className="font-weight-bold"
        >
          MRN :  
          <span
            className="font-weight-light"
          >
            test
          </span>
        </CardText>
        <CardText
          className="font-weight-bold"
        >
          FIN :  
          <span
            className="font-weight-light"
          >
            test 2u
          </span>
        </CardText>
      </CardBody>
    </Card>
  </div>
</div>
`;

exports[`components/Child should render correctly while loading 1`] = `
<div>
  loading......
</div>
`;
